<fomod xmlns:xsi="http://www.w3.org/2001/XMLSchema-instance" xsi:noNamespaceSchemaLocation="https://fomod.bellcube.dev/schemas/Info.xsd">
    <Name>
        Additional Clockwork
    </Name>
    <Author>
        BellCube Dev
    </Author>
    <Version>
        3.0.5
    </Version>
    <Website>
        https://www.nexusmods.com/skyrimspecialedition/mods/47087
    </Website>
    <Description>
        Additional Clockwork is a suite of fully-voiced and lore-friendly Clockwork changes and tweaks intended to fit the origional feel of Clockwork. In addition, I've also made patches to acomadate changes made by other mods, either intentionally or unintentionally, have an impact on Clockwork.
    </Description>
    <Groups>
        immersion
    </Groups>
</fomod>