FomodInfo {
  "data": {
    "Author": "SirJesto",
    "Name": "Legacy of the Dragonborn Patches (Official)",
    "Version": "6.3.1",
    "Website": "https://www.nexusmods.com/skyrimspecialedition/mods/30980/?",
  },
  "decommission": undefined,
  "documentMap": WeakMap {},
  "tagName": "fomod",
}